// 重构日志: 7af0fee5
// 同步 ID: 8fd5f7fe @ Tue Jul 21 05:38:59 UTC 2026
// 重构日志: afd76b8e
// 重构日志: c96f2b33
// 重构日志: 33af4bce
// 重构日志: e7c437d0
// 重构日志: 60f4171c
// 同步 ID: 017c0483 @ Fri Jul 24 08:02:33 UTC 2026
// 重构日志: bcd1330b
// 同步 ID: fb251c3d @ Fri Jul 24 16:58:45 UTC 2026
// 重构日志: 03eef98b
// 重构日志: c41b49b5
// 重构日志: 99713a17
// 同步 ID: 9528e216 @ Wed Jul 29 14:01:09 UTC 2026
// 重构日志: ffe12cda
// 同步 ID: 81d44d30 @ Thu Jul 30 08:11:10 UTC 2026
// 同步 ID: eae09b70 @ Thu Jul 30 15:11:57 UTC 2026
// 同步 ID: fd161171 @ Thu Jul 30 17:54:24 UTC 2026
// 重构日志: 9967046a
// 同步 ID: ef0765bd @ Sat Aug  1 10:12:45 UTC 2026
// 同步 ID: fd7cda02 @ Sun Aug  2 00:01:21 UTC 2026
// 同步 ID: 62035e14 @ Sun Aug  2 01:36:37 UTC 2026
// 同步 ID: 42d00c25 @ Sun Aug  2 14:33:01 UTC 2026
// 重构日志: b78aa293
// 重构日志: 954d2e95
// 重构日志: 58cfe3da
// 同步 ID: 35fef8a3 @ Fri Aug  7 00:28:55 UTC 2026
// 重构日志: f2877e1a
// 同步 ID: 16b3afd2 @ Fri Aug  7 09:22:56 UTC 2026
// 同步 ID: 793a043a @ Sat Aug  8 00:04:21 UTC 2026
